/opt/anaconda3/lib/python3.12/site-packages/django/db/backends/utils.py:98: RuntimeWarning: Accessing the database during app initialization is discouraged. To fix this warning, avoid executing queries in AppConfig.ready() or when your app modules are imported.
  warnings.warn(self.APPS_NOT_READY_WARNING_MSG, category=RuntimeWarning)
[nltk_data] Downloading package vader_lexicon to
[nltk_data]     /Users/ckiefer/nltk_data...
[nltk_data]   Package vader_lexicon is already up-to-date!
 
 -------------- celery@Cashs-Nuclear-Launch-Codes.local v5.5.2 (immunity)
--- ***** ----- 
-- ******* ---- macOS-15.4.1-arm64-arm-64bit 2025-05-01 18:41:27
- *** --- * --- 
- ** ---------- [config]
- ** ---------- .> app:         stockscanner_django:0x1038b51f0
- ** ---------- .> transport:   redis://localhost:6379/0
- ** ---------- .> results:     disabled://
- *** --- * --- .> concurrency: 8 (prefork)
-- ******* ---- .> task events: OFF (enable -E to monitor tasks in this worker)
--- ***** ----- 
 -------------- [queues]
                .> celery           exchange=celery(direct) key=celery
                

[tasks]
  . emails.tasks.send_dvsa_100_email
  . emails.tasks.send_dvsa_150_email
  . emails.tasks.send_dvsa_50_email
  . emails.tasks.send_mc_10_de_email
  . emails.tasks.send_mc_10_in_email
  . emails.tasks.send_mc_20_de_email
  . emails.tasks.send_mc_20_in_email
  . emails.tasks.send_mc_30_de_email
  . emails.tasks.send_mc_30_in_email
  . emails.tasks.send_pe_10_de_email
  . emails.tasks.send_pe_10_in_email
  . emails.tasks.send_pe_20_de_email
  . emails.tasks.send_pe_20_in_email
  . emails.tasks.send_pe_30_de_email
  . emails.tasks.send_pe_30_in_email
  . emails.tasks.send_price_10_de_email
  . emails.tasks.send_price_15_de_email
  . emails.tasks.send_price_20_de_email
  . news.tasks.update_news_feed

[2025-05-01 18:41:28,720: INFO/MainProcess] Connected to redis://localhost:6379/0
[2025-05-01 18:41:28,728: INFO/MainProcess] mingle: searching for neighbors
[2025-05-01 18:41:29,738: INFO/MainProcess] mingle: all alone
[2025-05-01 18:41:29,748: INFO/MainProcess] celery@Cashs-Nuclear-Launch-Codes.local ready.
[2025-05-01 18:41:34,677: INFO/MainProcess] Task news.tasks.update_news_feed[7846c3e5-cf51-40ac-a014-bb195d5fbf17] received
[2025-05-01 18:41:34,679: WARNING/ForkPoolWorker-7] 📡 Running hourly news scrape...
[2025-05-01 18:41:35,479: WARNING/ForkPoolWorker-7] 🔍 63 articles fetched from https://finance.yahoo.com/topic/stock-market-news/
[2025-05-01 18:41:36,205: WARNING/ForkPoolWorker-7] 🔍 49 articles fetched from https://finance.yahoo.com/topic/latest-news/
[2025-05-01 18:41:36,923: WARNING/ForkPoolWorker-7] 🔍 49 articles fetched from https://finance.yahoo.com/topic/earnings/
[2025-05-01 18:41:37,829: WARNING/ForkPoolWorker-7] 🔍 49 articles fetched from https://finance.yahoo.com/topic/morning-brief/
[2025-05-01 18:41:39,214: WARNING/ForkPoolWorker-7] ✅ Saved 210 articles to /Users/ckiefer/projects/StockScanner/Stock-Scanner-Project/stockscanner_django/../json/news.json
[2025-05-01 18:41:39,215: WARNING/ForkPoolWorker-7] ✅ News feed updated.
[2025-05-01 18:41:39,215: INFO/ForkPoolWorker-7] Task news.tasks.update_news_feed[7846c3e5-cf51-40ac-a014-bb195d5fbf17] succeeded in 4.536823667003773s: None
[2025-05-01 18:45:00,113: INFO/MainProcess] Task emails.tasks.send_dvsa_150_email[12cbfcea-6622-4305-aec2-d26977e245b8] received
[2025-05-01 18:45:00,116: INFO/MainProcess] Task emails.tasks.send_dvsa_100_email[c5b60b97-cc60-4792-9229-28c6a0340d7e] received
[2025-05-01 18:45:00,118: INFO/MainProcess] Task emails.tasks.send_dvsa_50_email[e944b8a7-8095-4c39-a8e8-3a7f564d6a34] received
[2025-05-01 18:45:01,491: INFO/ForkPoolWorker-7] Task emails.tasks.send_dvsa_150_email[12cbfcea-6622-4305-aec2-d26977e245b8] succeeded in 1.375923084007809s: None
[2025-05-01 18:45:01,620: INFO/ForkPoolWorker-1] Task emails.tasks.send_dvsa_50_email[e944b8a7-8095-4c39-a8e8-3a7f564d6a34] succeeded in 1.5004694590170402s: None
[2025-05-01 18:45:01,782: INFO/ForkPoolWorker-8] Task emails.tasks.send_dvsa_100_email[c5b60b97-cc60-4792-9229-28c6a0340d7e] succeeded in 1.6644468750164378s: None

worker: Warm shutdown (MainProcess)
