/opt/anaconda3/lib/python3.12/site-packages/django/db/backends/utils.py:98: RuntimeWarning: Accessing the database during app initialization is discouraged. To fix this warning, avoid executing queries in AppConfig.ready() or when your app modules are imported.
  warnings.warn(self.APPS_NOT_READY_WARNING_MSG, category=RuntimeWarning)
[nltk_data] Downloading package vader_lexicon to
[nltk_data]     /Users/ckiefer/nltk_data...
[nltk_data]   Package vader_lexicon is already up-to-date!
 
 -------------- celery@Cashs-Nuclear-Launch-Codes.local v5.5.2 (immunity)
--- ***** ----- 
-- ******* ---- macOS-15.4.1-arm64-arm-64bit 2025-05-01 12:02:42
- *** --- * --- 
- ** ---------- [config]
- ** ---------- .> app:         stockscanner_django:0x103b2c1a0
- ** ---------- .> transport:   redis://localhost:6379/0
- ** ---------- .> results:     disabled://
- *** --- * --- .> concurrency: 8 (prefork)
-- ******* ---- .> task events: OFF (enable -E to monitor tasks in this worker)
--- ***** ----- 
 -------------- [queues]
                .> celery           exchange=celery(direct) key=celery
                

[tasks]
  . emails.tasks.send_dvsa_100_email
  . emails.tasks.send_dvsa_150_email
  . emails.tasks.send_dvsa_50_email
  . emails.tasks.send_mc_10_de_email
  . emails.tasks.send_mc_10_in_email
  . emails.tasks.send_mc_20_de_email
  . emails.tasks.send_mc_20_in_email
  . emails.tasks.send_mc_30_de_email
  . emails.tasks.send_mc_30_in_email
  . emails.tasks.send_pe_10_de_email
  . emails.tasks.send_pe_10_in_email
  . emails.tasks.send_pe_20_de_email
  . emails.tasks.send_pe_20_in_email
  . emails.tasks.send_pe_30_de_email
  . emails.tasks.send_pe_30_in_email
  . emails.tasks.send_price_10_de_email
  . emails.tasks.send_price_15_de_email
  . emails.tasks.send_price_20_de_email

[2025-05-01 12:02:43,481: INFO/MainProcess] Connected to redis://localhost:6379/0
[2025-05-01 12:02:43,485: INFO/MainProcess] mingle: searching for neighbors
[2025-05-01 12:02:44,493: INFO/MainProcess] mingle: all alone
[2025-05-01 12:02:44,511: INFO/MainProcess] celery@Cashs-Nuclear-Launch-Codes.local ready.
[2025-05-01 12:03:39,851: INFO/MainProcess] Task emails.tasks.send_dvsa_50_email[d22ca75c-b314-4602-857d-d7a43bbacbe6] received
[2025-05-01 12:03:39,858: INFO/ForkPoolWorker-7] Task emails.tasks.send_dvsa_50_email[d22ca75c-b314-4602-857d-d7a43bbacbe6] succeeded in 0.006570790981641039s: None

worker: Warm shutdown (MainProcess)
